// Jest Snapshot v1, https://goo.gl/fbAQLP

exports[`Product Details selectors makeSelectProductImagesByProductId should return error object matching productId=123 1`] = `
Array [
  Object {
    "image": "http://image.com/14263758",
  },
  Object {
    "image": "http://image.com/GUEST_83705133-fb5e-4357-be37-94ae1392b915",
  },
  Object {
    "image": "http://image.com/GUEST_f84a0f4b-8e1d-4902-9c47-d04096ac960b",
  },
  Object {
    "image": "http://image.com/GUEST_40a6190c-d9e3-4ddf-b06d-6db6a13927f3",
  },
  Object {
    "image": "http://image.com/GUEST_01100c7e-01e2-450d-b7d3-80b09b6d5a83",
  },
  Object {
    "image": "http://image.com/GUEST_47a050df-3338-4c6e-8e02-680abce3bd08",
  },
  Object {
    "image": "http://image.com/GUEST_2cbd7eea-d3f1-4cc0-ac1a-6f18d8095044",
  },
  Object {
    "image": "http://image.com/GUEST_383a921e-d68d-40c3-8ffc-64d03538c816",
  },
]
`;

exports[`Product Details selectors makeSelectProductReviewsByProductId should return Object matching productId=123 1`] = `
Object {
  "Con": Array [
    Object {
      "datePosted": "Mon Mar 11 13:13:55 UTC 2013",
      "overallRating": "1",
      "screenName": "New York",
      "title": "Very unhappy",
    },
  ],
  "ConsolidatedRatableAttributes": Array [
    Object {
      "description": "Quality",
      "name": "QUALITY",
      "value": "4",
    },
  ],
  "Pro": Array [
    Object {
      "datePosted": "Thu Apr 18 19:42:19 UTC 2013",
      "overallRating": "5",
      "screenName": "Eric",
      "title": "Fantastic Blender",
    },
  ],
  "Reviews": Array [],
  "consolidatedOverallRating": "4",
  "totalPages": "2",
  "totalReviews": "14",
}
`;
